// Jest Snapshot v1, https://goo.gl/fbAQLP

exports[`Footer renders correctly 1`] = `
<footer
  class="sc-bdVaJa jqquVI"
  data-testid="rt-footer"
>
  <div
    class="sc-bwzfXH hmXunB"
  >
    <a
      href="https://twitter.com/prabhumurthy2"
      target="new"
    >
      <img
        class="sc-htpNat ewHMNg"
        height="20"
        src="https://cdn.jsdelivr.net/npm/simple-icons@latest/icons/twitter.svg"
        width="20"
      />
    </a>
    <a
      href="https://github.com/prabhuignoto"
      target="new"
    >
      <img
        class="sc-htpNat ewHMNg"
        height="20"
        src="https://cdn.jsdelivr.net/npm/simple-icons@latest/icons/github.svg"
        width="20"
      />
    </a>
  </div>
  <div
    class="sc-ifAKCX WOpjk"
  >
    <span>
      2018 Â© Prabhu Murthy
    </span>
  </div>
  <div
    class="sc-EHOje fhxHOS"
  >
    Designed & developed with ðŸ–¤ by me
  </div>
  <div
    class="sc-bxivhb cDFCAd"
  >
    <a
      href="https://newsapi.org"
    >
      Powered by News API
    </a>
  </div>
</footer>
`;
